I'm sorry, but errors were detected in your script. Please correct the
errors listed below, and try again.


File "game/script.rpy", line 1967: expected statement.
    "Go north":
              ^

File "game/script.rpy", line 1969: expected statement.
    "Go east":
             ^

File "game/script.rpy", line 1971: expected statement.
    "Go west":
             ^

File "game/script.rpy", line 1973: expected statement.
    "Go south":
              ^

Ren'Py Version: Ren'Py 7.3.5.606
Fri Nov 29 01:22:14 2019
